// Jest Snapshot v1, https://goo.gl/fbAQLP

exports[`ArticleListItem tests renders correctly 1`] = `
<div>
  <li
    class="container"
  >
    <article
      class="article"
    >
      <img
        alt="The Statue of Liberty's torch heads to new museum"
        class="image"
        src="https://cdn.cnn.com/cnnnext/dam/assets/181122102925-statue-of-liberty-crown-super-169.jpg"
      />
      <div
        class="wrapper"
      >
        <h2
          class="title"
        >
          <a
            href="/articles/181122102925-statue-of-liberty-crown"
          >
            The Statue of Liberty's torch heads to new museum
          </a>
        </h2>
        <div
          class="text"
        >
          <p>
            The Statue of Liberty's original torch is getting a new home
          </p>
        </div>
      </div>
    </article>
  </li>
</div>
`;
