// Jest Snapshot v1, https://goo.gl/fbAQLP

exports[`ArticleDetailPage tests renders correctly 1`] = `<div />`;
